stdout of test 'set_operation_coersions.SF-1543216` in directory 'sql/test/BugTracker` itself:


# 11:19:45 >  
# 11:19:45 >  Mtimeout -timeout 180 Mserver "--config=/ufs/niels/scratch/Linux-x86_64/etc/MonetDB.conf" --debug=10 --set "monet_mod_path=/ufs/niels/scratch/Linux-x86_64/lib64/MonetDB:/ufs/niels/scratch/Linux-x86_64/lib64/bin" --set "gdk_dbfarm=/ufs/niels/scratch/Linux-x86_64/var/MonetDB/dbfarm" --set "sql_logdir=/ufs/niels/scratch/Linux-x86_64/var/MonetDB/log" --set mapi_port=36646 --set monet_prompt= --trace "--dbname=mTests_src_test_BugTracker" --dbinit="module(sql_server); sql_server_start();" ; echo ; echo Over..
# 11:19:45 >  

# Monet Database Server V4.13.1
# Copyright (c) 1993-2006, CWI. All rights reserved.
# Compiled for x86_64-redhat-linux-gnu/64bit with 64bit OIDs; dynamically linked.
# Visit http://monetdb.cwi.nl/ for further information.




# 11:19:45 >  
# 11:19:45 >  Mtimeout -timeout 60 MapiClient -lsql -umonetdb -Pmonetdb --host=localhost --port=36646  < set_operation_coersions.SF-1543216.sql
# 11:19:45 >  


# 11:19:45 >  
# 11:19:45 >  Done.
# 11:19:45 >  

