stdout of test 'union_leak.SF-2540169` in directory 'sql/test/BugTracker-2009` itself:


# 00:27:21 >  
# 00:27:21 >   mserver5 "--config=/ufs/manegold/_/scratch0/Monet/Testing/Stable/prefix.--enable-strict_--disable-optimize_--enable-debug_--enable-assert/etc/monetdb5.conf" --debug=10 --set gdk_nr_threads=0 --set "monet_mod_path=/ufs/manegold/_/scratch0/Monet/Testing/Stable/prefix.--enable-strict_--disable-optimize_--enable-debug_--enable-assert/lib64/MonetDB5:/ufs/manegold/_/scratch0/Monet/Testing/Stable/prefix.--enable-strict_--disable-optimize_--enable-debug_--enable-assert/lib64/MonetDB5/lib:/ufs/manegold/_/scratch0/Monet/Testing/Stable/prefix.--enable-strict_--disable-optimize_--enable-debug_--enable-assert/lib64/MonetDB5/bin" --set "gdk_dbfarm=/ufs/manegold/_/scratch0/Monet/Testing/Stable/prefix.--enable-strict_--disable-optimize_--enable-debug_--enable-assert/var/MonetDB5/dbfarm" --set "sql_logdir=/ufs/manegold/_/scratch0/Monet/Testing/Stable/prefix.--enable-strict_--disable-optimize_--enable-debug_--enable-assert/var/MonetDB5/sql_logs"   --set mapi_open=true --set xrpc_open=true --set mapi_port=31321 --set xrpc_port=47339 --set xrpc_docroot=/net/rig.ins.cwi.nl/export/scratch0/manegold/Monet/Testing/Stable/source/sql --set monet_prompt= --trace  "--dbname=mTests_src_test_BugTracker-2009" --set mal_listing=0 "--dbinit= include sql;" ; echo ; echo Over..
# 00:27:21 >  

# MonetDB server v5.10.0, based on kernel v1.28.0
# Serving database 'mTests_src_test_BugTracker-2009', using 4 threads
# Compiled for x86_64-unknown-linux-gnu/64bit with 64bit OIDs dynamically linked
# Copyright (c) 1993-July 2008 CWI.
# Copyright (c) August 2008- MonetDB B.V., all rights reserved
# Visit http://monetdb.cwi.nl/ for further information
# Listening for connection requests on mapi:monetdb://rig.ins.cwi.nl:31321/
# MonetDB/SQL module v2.28.0 loaded

#function user.main():void;
#    clients.quit();
#end main;


# 00:27:21 >  
# 00:27:21 >  ./union_leak.SF-2540169.SQL.sh union_leak.SF-2540169 
# 00:27:21 >  


# 00:27:21 >  
# 00:27:21 >  Mtimeout -timeout 60 mclient -lsql -umonetdb -Pmonetdb --host=rig --port=31321  /net/rig.ins.cwi.nl/export/scratch0/manegold/Monet/Testing/Stable/prefix.--enable-strict_--disable-optimize_--enable-debug_--enable-assert/mTests/src/test/BugTracker-2009/union_leak.SF-2540169.1.sql
# 00:27:21 >  

[ 1000000	]
[ 1000000	]

# 00:27:23 >  
# 00:27:23 >  Mtimeout -timeout 60 mclient -lmal -umonetdb -Pmonetdb --host=rig --port=31321 /net/rig.ins.cwi.nl/export/scratch0/manegold/Monet/Testing/Stable/prefix.--enable-strict_--disable-optimize_--enable-debug_--enable-assert/mTests/src/test/BugTracker-2009/union_leak.SF-2540169.2.mal
# 00:27:23 >  

#-----------------#
# h	t	  # name
# str	lng	  # type
#-----------------#

# 00:27:23 >  
# 00:27:23 >  Mtimeout -timeout 60 mclient -lsql -umonetdb -Pmonetdb --host=rig --port=31321  /net/rig.ins.cwi.nl/export/scratch0/manegold/Monet/Testing/Stable/prefix.--enable-strict_--disable-optimize_--enable-debug_--enable-assert/mTests/src/test/BugTracker-2009/union_leak.SF-2540169.3.sql
# 00:27:23 >  

#SELECT sum(float1) AS currencyfloat FROM databasetest;
% .L1 # table_name
% currencyfloat # name
% double # type
% 24 # length
[ 99989206.4	]

# 00:27:23 >  
# 00:27:23 >  Mtimeout -timeout 60 mclient -lmal -umonetdb -Pmonetdb --host=rig --port=31321 /net/rig.ins.cwi.nl/export/scratch0/manegold/Monet/Testing/Stable/prefix.--enable-strict_--disable-optimize_--enable-debug_--enable-assert/mTests/src/test/BugTracker-2009/union_leak.SF-2540169.2.mal
# 00:27:23 >  

#-----------------#
# h	t	  # name
# str	lng	  # type
#-----------------#

# 00:27:23 >  
# 00:27:23 >  Mtimeout -timeout 60 mclient -lsql -umonetdb -Pmonetdb --host=rig --port=31321  /net/rig.ins.cwi.nl/export/scratch0/manegold/Monet/Testing/Stable/prefix.--enable-strict_--disable-optimize_--enable-debug_--enable-assert/mTests/src/test/BugTracker-2009/union_leak.SF-2540169.3.sql
# 00:27:23 >  

#SELECT sum(float1) AS currencyfloat FROM databasetest;
% .L1 # table_name
% currencyfloat # name
% double # type
% 24 # length
[ 99989206.4	]

# 00:27:23 >  
# 00:27:23 >  Mtimeout -timeout 60 mclient -lmal -umonetdb -Pmonetdb --host=rig --port=31321 /net/rig.ins.cwi.nl/export/scratch0/manegold/Monet/Testing/Stable/prefix.--enable-strict_--disable-optimize_--enable-debug_--enable-assert/mTests/src/test/BugTracker-2009/union_leak.SF-2540169.2.mal
# 00:27:23 >  

#-----------------#
# h	t	  # name
# str	lng	  # type
#-----------------#

# 00:27:23 >  
# 00:27:23 >  Mtimeout -timeout 60 mclient -lsql -umonetdb -Pmonetdb --host=rig --port=31321  /net/rig.ins.cwi.nl/export/scratch0/manegold/Monet/Testing/Stable/prefix.--enable-strict_--disable-optimize_--enable-debug_--enable-assert/mTests/src/test/BugTracker-2009/union_leak.SF-2540169.4.sql
# 00:27:23 >  


# 00:27:23 >  
# 00:27:23 >  Done.
# 00:27:23 >  

