stdout of test 'string_quotes.SF-919539` in directory 'sql/test/BugDay_2005-10-06_2.8` itself:


# 12:37:30 >  
# 12:37:30 >  Mtimeout -timeout 180 Mserver "--config=/ufs/fabian/scratch/monetdb/current/program-x86_64/etc/MonetDB.conf" --debug=10 --set "monet_mod_path=/ufs/fabian/scratch/monetdb/current/program-x86_64/lib/MonetDB:/ufs/fabian/scratch/monetdb/current/program-x86_64/lib/bin" --set "gdk_dbfarm=/ufs/fabian/scratch/monetdb/current/program-x86_64/var/MonetDB/dbfarm" --set "sql_logdir=/ufs/fabian/scratch/monetdb/current/program-x86_64/var/MonetDB/log" --set mapi_port=38933 --set sql_port=45579 --set xquery_port=52530 --set monet_prompt= --trace "--dbname=mTests_src_test_BugDay_2005-10-06_2.8" --dbinit="module(sql_server); sql_server_start();" ; echo ; echo Over..
# 12:37:30 >  

# Monet Database Server V4.9.3
# Copyright (c) 1993-2005, CWI. All rights reserved.
# Compiled for x86_64-redhat-linux-gnu/64bit with 64bit OIDs; dynamically linked.
# Visit http://monetdb.cwi.nl/ for further information.




#select 'a' 'a';
% .%2 # table_name
% %2 # name
% char # type
% 2 # length
[ "aa"	]
#select 'a''a';
% .%2 # table_name
% %2 # name
% char # type
% 3 # length
[ "a'a"	]

# 12:37:31 >  
# 12:37:31 >  Done.
# 12:37:31 >  

