stdout of test 'orderby_non_selection_column` in directory 'sql/test` itself:


# 18:28:19 >  
# 18:28:19 >   mserver5 "--config=/ufs/niels/scratch/monetdb/Linux-x86_64/etc/monetdb5.conf" --debug=10 --set gdk_nr_threads=4 --set "monet_mod_path=/ufs/niels/scratch/monetdb/Linux-x86_64/lib/MonetDB5:/ufs/niels/scratch/monetdb/Linux-x86_64/lib/MonetDB5/lib:/ufs/niels/scratch/monetdb/Linux-x86_64/lib/MonetDB5/bin" --set "gdk_dbfarm=/ufs/niels/scratch/monetdb/Linux-x86_64/var/MonetDB5/dbfarm" --set "sql_logdir=/ufs/niels/scratch/monetdb/Linux-x86_64/var/MonetDB5/sql_logs"  --set mapi_open=true --set xrpc_open=true --set mapi_port=39921 --set xrpc_port=45986 --set monet_prompt= --trace  "--dbname=mTests_src_test" --set mal_listing=0 "--dbinit= include sql;" ; echo ; echo Over..
# 18:28:19 >  

# MonetDB server v5.9.0, based on kernel v1.27.0
# Serving database 'mTests_src_test', using 4 threads
# Compiled for x86_64-unknown-linux-gnu/64bit with 64bit OIDs dynamically linked
# Copyright (c) 1993-July 2008 CWI.
# Copyright (c) August 2008- MonetDB B.V., all rights reserved
# Visit http://monetdb.cwi.nl/ for further information
# Listening for connection requests on mapi:monetdb://alf.ins.cwi.nl:39921/
# MonetDB/SQL module v2.27.0 loaded

# falling back to direct mode 
# falling back to direct mode 
# falling back to direct mode 
# falling back to direct mode 
#function user.main():void;
#    clients.quit();
#end main;


# 09:21:42 >  
# 09:21:42 >  Mtimeout -timeout 60 MapiClient -lsql -umonetdb -Pmonetdb --host=localhost --port=33976 
# 09:21:42 >  

[ 1	]
[ 1	]
[ 1	]
[ 1	]
[ 1	]
[ 1	]
[ 1	]
% sys.lim_prob # table_name
% test # name
% varchar # type
% 7 # length
[ "mytest1"	]
[ "mytest2"	]
[ "mytest3"	]
[ "mytest4"	]
[ "mytest1"	]
[ "mytest2"	]
[ "mytest3"	]
#select dir      from lim_prob order by dir_test limit 10;
% sys.lim_prob # table_name
% dir # name
% varchar # type
% 7 # length
[ "mydir1/"	]
[ "mydir1/"	]
[ "mydir1/"	]
[ "mydir1/"	]
[ "mydir2/"	]
[ "mydir2/"	]
[ "mydir2/"	]
#select dir_test from lim_prob order by dir,test limit 10;
% sys.lim_prob # table_name
% dir_test # name
% varchar # type
% 14 # length
[ "mydir1/mytest1"	]
[ "mydir1/mytest2"	]
[ "mydir1/mytest3"	]
[ "mydir1/mytest4"	]
[ "mydir2/mytest1"	]
[ "mydir2/mytest2"	]
[ "mydir2/mytest3"	]
#drop table lim_prob;

# 17:46:36 >  
# 17:46:36 >  Done.
# 17:46:36 >  

