stdout of test 'ssqq` in directory 'sql/test/ssqq` itself:


# 16:05:54 >  
# 16:05:54 >   mserver5 "--config=/export/scratch0/rijke/monetdbdefault20100802/etc/monetdb5.conf" --debug=10 --set gdk_nr_threads=0 --set "monet_mod_path=/export/scratch0/rijke/monetdbdefault20100802/lib/MonetDB5:/export/scratch0/rijke/monetdbdefault20100802/lib/MonetDB5/lib:/export/scratch0/rijke/monetdbdefault20100802/lib/MonetDB5/bin" --set "gdk_dbfarm=/export/scratch0/rijke/monetdbdefault20100802/var/MonetDB5/dbfarm"  --set mapi_open=true --set xrpc_open=true --set mapi_port=30483 --set xrpc_port=46414 --set monet_prompt= --set mal_listing=2 --trace  "--dbname=mTests_src_test_ssqq" --set mal_listing=0 ; echo ; echo Over..
# 16:05:54 >  

# MonetDB 5 server v11.30.0
# This is an unreleased version
# Serving database 'mTests_sql_test_ssqq', using 8 threads
# Compiled for x86_64-unknown-linux-gnu/64bit with 128bit integers
# Found 15.386 GiB available main-memory.
# Copyright (c) 1993 - July 2008 CWI.
# Copyright (c) August 2008 - 2018 MonetDB B.V., all rights reserved
# Visit https://www.monetdb.org/ for further information
# Listening for connection requests on mapi:monetdb://xps13:31345/
# Listening for UNIX domain connection requests on mapi:monetdb:///var/tmp/mtest-4412/.s.monetdb.31345
# MonetDB/GIS module loaded
# SQL catalog created, loading sql scripts once


# 16:05:54 >  
# 16:05:54 >  mclient -lsql -ftest -i -e --host=yngling --port=30483 
# 16:05:54 >  


# 16:05:54 >  
# 16:05:54 >  Done.
# 16:05:54 >  

