stdout of test 'sqlitelogictest-aggregation-distinct-coalesce.Bug-6431` in directory 'sql/test/BugTracker-2017` itself:


# 12:05:34 >  
# 12:05:34 >  "mserver5" "--debug=10" "--set" "gdk_nr_threads=0" "--set" "mapi_open=true" "--set" "mapi_port=35713" "--set" "mapi_usock=/var/tmp/mtest-26937/.s.monetdb.35713" "--set" "monet_prompt=" "--forcemito" "--dbpath=/home/niels/scratch/rc-monetdb/Linux-x86_64/var/MonetDB/mTests_sql_test_BugTracker-2017"
# 12:05:34 >  

# MonetDB 5 server v11.27.6
# This is an unreleased version
# Serving database 'mTests_sql_test_BugTracker-2017', using 4 threads
# Compiled for x86_64-unknown-linux-gnu/64bit with 128bit integers
# Found 7.330 GiB available main-memory.
# Copyright (c) 1993-July 2008 CWI.
# Copyright (c) August 2008-2017 MonetDB B.V., all rights reserved
# Visit https://www.monetdb.org/ for further information
# Listening for connection requests on mapi:monetdb://localhost.nes.nl:35713/
# Listening for UNIX domain connection requests on mapi:monetdb:///var/tmp/mtest-26937/.s.monetdb.35713
# MonetDB/GIS module loaded
# MonetDB/SQL module loaded


# 12:05:34 >  
# 12:05:34 >  "mclient" "-lsql" "-ftest" "-Eutf-8" "-i" "-e" "--host=/var/tmp/mtest-26937" "--port=35713"
# 12:05:34 >  

#CREATE TABLE tab2(col0 INTEGER, col1 INTEGER, col2 INTEGER);
#DROP TABLE tab2;

# 12:05:34 >  
# 12:05:34 >  "Done."
# 12:05:34 >  

