stdout of test 'schemadiff.Bug-3778` in directory 'sql/test/BugTracker-2015` itself:


# 15:29:05 >  
# 15:29:05 >  "mserver5" "--debug=10" "--set" "gdk_nr_threads=0" "--set" "mapi_open=true" "--set" "mapi_port=33909" "--set" "mapi_usock=/var/tmp/mtest-7442/.s.monetdb.33909" "--set" "monet_prompt=" "--forcemito" "--set" "mal_listing=2" "--dbpath=/ufs/manegold/_/Monet/HG/default/prefix/_/var/MonetDB/mTests_sql_test_BugTracker-2015" "--set" "mal_listing=0" "--set" "embedded_r=yes"
# 15:29:05 >  

(mapi:monetdb://monetdb@localhost/worker_0) Parameter 1 has wrong SQL type, expected int(32), but got bigint(64) instead


# 10:44:31 >  
# 10:44:31 >  "Done."
# 10:44:31 >  

