stdout of test '17` in directory 'sql/benchmarks/tpcds` itself:


# 18:29:57 >  
# 18:29:57 >  "mserver5" "--debug=10" "--set" "gdk_nr_threads=0" "--set" "mapi_open=true" "--set" "mapi_port=30709" "--set" "mapi_usock=/var/tmp/mtest-16393/.s.monetdb.30709" "--set" "monet_prompt=" "--forcemito" "--dbpath=/ufs/sjoerd/@Monet-devel/var/MonetDB/mTests_sql_benchmarks_tpcds" "--set" "embedded_c=true"
# 18:29:57 >  

# MonetDB 5 server v11.32.0 (hg id: edafb9f9a3c6+79d16e518d38+)
# This is an unreleased version
# Serving database 'mTests_sql_benchmarks_tpcds', using 8 threads
# Compiled for x86_64-pc-linux-gnu/64bit with 128bit integers
# Found 62.694 GiB available main-memory.
# Copyright (c) 1993 - July 2008 CWI.
# Copyright (c) August 2008 - 2020 MonetDB B.V., all rights reserved
# Visit https://www.monetdb.org/ for further information
# Listening for connection requests on mapi:monetdb://methuselah.da.cwi.nl:30709/
# Listening for UNIX domain connection requests on mapi:monetdb:///var/tmp/mtest-16393/.s.monetdb.30709
# MonetDB/GIS module loaded
# MonetDB/SQL module loaded


# 18:29:57 >  
# 18:29:57 >  "mclient" "-lsql" "-ftest" "-tnone" "-Eutf-8" "-i" "-e" "--host=/var/tmp/mtest-16393" "--port=30709"
# 18:29:57 >  

#SELECT i_item_id,
#       i_item_desc,
#       s_state,
#       count(ss_quantity) AS store_sales_quantitycount,
#       avg(ss_quantity) AS store_sales_quantityave,
#       stddev_samp(ss_quantity) AS store_sales_quantitystdev,
#       stddev_samp(ss_quantity)/avg(ss_quantity) AS store_sales_quantitycov,
#       count(sr_return_quantity) AS store_returns_quantitycount,
#       avg(sr_return_quantity) AS store_returns_quantityave,
#       stddev_samp(sr_return_quantity) AS store_returns_quantitystdev,
#       stddev_samp(sr_return_quantity)/avg(sr_return_quantity) AS store_returns_quantitycov,
% sys.item,	sys.item,	sys.store,	sys.,	sys.,	sys.,	sys.,	sys.,	sys.,	sys.,	sys.,	sys.,	sys.,	sys.,	sys. # table_name
% i_item_id,	i_item_desc,	s_state,	store_sales_quantitycount,	store_sales_quantityave,	store_sales_quantitystdev,	store_sales_quantitycov,	store_returns_quantitycount,	store_returns_quantityave,	store_returns_quantitystdev,	store_returns_quantitycov,	catalog_sales_quantitycount,	catalog_sales_quantityave,	catalog_sales_quantitystdev,	catalog_sales_quantitycov # name
% char,	varchar,	char,	bigint,	double,	double,	double,	bigint,	double,	double,	double,	bigint,	double,	double,	double # type
% 16,	14,	2,	1,	24,	24,	24,	1,	24,	24,	24,	1,	24,	24,	24 # length
[ "AAAAAAAAKPFEAAAA",	"Recently right",	"TN",	1,	99,	NULL,	NULL,	1,	66,	NULL,	NULL,	1,	32,	NULL,	NULL	]

# 18:29:57 >  
# 18:29:57 >  "Done."
# 18:29:57 >  
