stdout of test 'date_parsing-bug-sf-960166` in directory 'sql/test/bugs` itself:


# 20:18:54 >  
# 20:18:54 >   mserver5 "--config=/ufs/niels/scratch/monetdb/Linux-x86_64/etc/monetdb5.conf" --debug=10 --set gdk_nr_threads=4 --set "monet_mod_path=/ufs/niels/scratch/monetdb/Linux-x86_64/lib/MonetDB5:/ufs/niels/scratch/monetdb/Linux-x86_64/lib/MonetDB5/lib:/ufs/niels/scratch/monetdb/Linux-x86_64/lib/MonetDB5/bin" --set "gdk_dbfarm=/ufs/niels/scratch/monetdb/Linux-x86_64/var/MonetDB5/dbfarm" --set "sql_logdir=/ufs/niels/scratch/monetdb/Linux-x86_64/var/MonetDB5/sql_logs"  --set mapi_open=true --set xrpc_open=true --set mapi_port=34282 --set xrpc_port=47106 --set monet_prompt= --trace  "--dbname=mTests_src_test_bugs" --set mal_listing=0 "--dbinit= include sql;" ; echo ; echo Over..
# 20:18:54 >  

# MonetDB server v5.9.0, based on kernel v1.27.0
# Serving database 'mTests_src_test_bugs', using 4 threads
# Compiled for x86_64-unknown-linux-gnu/64bit with 64bit OIDs dynamically linked
# Copyright (c) 1993-July 2008 CWI.
# Copyright (c) August 2008- MonetDB B.V., all rights reserved
# Visit http://monetdb.cwi.nl/ for further information
# Listening for connection requests on mapi:monetdb://alf.ins.cwi.nl:34282/
# MonetDB/SQL module v2.27.0 loaded

#function user.main():void;
#    clients.quit();
#end main;


# 11:55:35 >  
# 11:55:35 >  Mtimeout -timeout 60 MapiClient -lsql -umonetdb -Pmonetdb --host=localhost --port=35185  < date_parsing-bug-sf-960166.sql
# 11:55:35 >  

#select current_date = date '2004-05-25';
% .%2 # table_name
% %2 # name
% boolean # type
% 5 # length
[ false	]
#select current_date = '2004-05-25';
% .%2 # table_name
% %2 # name
% boolean # type
% 5 # length
[ false	]

# 12:50:17 >  
# 12:50:17 >  Done.
# 12:50:17 >  

