stdout of test 'like-bug-sf-1031435` in directory 'sql/test/bugs` itself:


# 12:54:37 >  
# 12:54:37 >  Mtimeout -timeout 180 Mserver "--config=/ufs/fabian/scratch/monetdb/current/program-x86_64/etc/MonetDB.conf" --debug=10 --set "monet_mod_path=/ufs/fabian/scratch/monetdb/current/program-x86_64/lib/MonetDB:/ufs/fabian/scratch/monetdb/current/program-x86_64/lib/bin" --set "gdk_dbfarm=/ufs/fabian/scratch/monetdb/current/program-x86_64/var/MonetDB/dbfarm" --set "sql_logdir=/ufs/fabian/scratch/monetdb/current/program-x86_64/var/MonetDB/log" --set mapi_port=38933 --set sql_port=45579 --set xquery_port=52530 --set monet_prompt= --trace "--dbname=mTests_src_test_bugs" --dbinit="module(sql_server); sql_server_start();" ; echo ; echo Over..
# 12:54:37 >  

# Monet Database Server V4.9.3
# Copyright (c) 1993-2005, CWI. All rights reserved.
# Compiled for x86_64-redhat-linux-gnu/64bit with 64bit OIDs; dynamically linked.
# Visit http://monetdb.cwi.nl/ for further information.




# 12:54:45 >  
# 12:54:45 >  Mtimeout -timeout 60 MapiClient -lsql -u monetdb -P monetdb --host=localhost --port=45579  < like-bug-sf-1031435
# 12:54:45 >  

[ 1	]
[ 1	]
[ 1	]
[ 1	]
% sys.like_test # table_name
% str # name
% varchar # type
% 3 # length
[ ""	]
[ "t"	]
[ "ts"	]
[ "tsz"	]
% sys.like_test # table_name
% str # name
% varchar # type
% 2 # length
[ "ts"	]

# 12:54:45 >  
# 12:54:45 >  Done.
# 12:54:45 >  

