stdout of test 'rangejoin_optimize_bug` in directory 'sql/test/bugs` itself:


# 20:37:35 >  
# 20:37:35 >   mserver5 "--config=/ufs/niels/scratch/rc/Linux-x86_64/etc/monetdb5.conf" --debug=10 --set "monet_mod_path=/ufs/niels/scratch/rc/Linux-x86_64/lib/MonetDB5:/ufs/niels/scratch/rc/Linux-x86_64/lib/MonetDB5/lib:/ufs/niels/scratch/rc/Linux-x86_64/lib/MonetDB5/bin" --set "gdk_dbfarm=/ufs/niels/scratch/rc/Linux-x86_64/var/MonetDB5/dbfarm" --set "sql_logdir=/ufs/niels/scratch/rc/Linux-x86_64/var/MonetDB5/sql_logs"  --set mapi_open=true --set xrpc_open=true --set mapi_port=35943 --set xrpc_port=43120 --set monet_prompt= --trace  "--dbname=mTests_src_test_bugs" --set mal_listing=0 "--dbinit= include sql;" ; echo ; echo Over..
# 20:37:35 >  

# MonetDB server v5.6.0, based on kernel v1.24.0
# Serving database 'mTests_src_test_bugs'
# Compiled for x86_64-unknown-linux-gnu/64bit with 64bit OIDs dynamically linked
# Copyright (c) 1993-2008 CWI, all rights reserved
# Visit http://monetdb.cwi.nl/ for further information
# Listening for connection requests on mapi:monetdb://alf.ins.cwi.nl:35943/
# MonetDB/SQL module v2.24.0 loaded

#function user.main():void;
#    clients.quit();
#end main;


# 20:37:35 >  
# 20:37:35 >  mclient -lsql -umonetdb -Pmonetdb --host=alf --port=35943 
# 20:37:35 >  

[ 89	]
[ 49	]
#select count(*) from test_statistics;
% .%1 # table_name
% %1 # name
% bigint # type
% 2 # length
[ 49	]
#select count(*) from test_statistics where lav is null;
% sys.%1 # table_name
% %1 # name
% bigint # type
% 2 # length
[ 49	]
[ 49	]
[ 49	]
#select count(*) from test_statistics where lav is null;
% sys.%1 # table_name
% %1 # name
% bigint # type
% 2 # length
[ 49	]
[ 49	]
#select count(*) from test_statistics where lav is null;
% sys.%1 # table_name
% %1 # name
% bigint # type
% 1 # length
[ 0	]
[ 49	]
#select count(*) from test_statistics;
% .%1 # table_name
% %1 # name
% bigint # type
% 2 # length
[ 49	]
#select count(*) from test_statistics where lav is null;
% sys.%1 # table_name
% %1 # name
% bigint # type
% 2 # length
[ 49	]

# 20:37:35 >  
# 20:37:35 >  Done.
# 20:37:35 >  

