stdout of test 'event_s11` in directory 'sql/test/Via-m` itself:


# 10:49:40 >  
# 10:49:40 >  "mserver5" "--debug=10" "--set" "gdk_nr_threads=0" "--set" "mapi_open=true" "--set" "mapi_port=36838" "--set" "mapi_usock=/var/tmp/mtest-5263/.s.monetdb.36838" "--set" "monet_prompt=" "--forcemito" "--dbpath=/ufs/sjoerd/@Monet-stable/var/MonetDB/mTests_sql_test_Via-m"
# 10:49:40 >  

#select add_event('event 4', '2009-06-23', NULL, NULL, 'description3');
% . # table_name
% %1 # name
% int # type
% 1 # length
[ 5	]


# 10:49:40 >  
# 10:49:40 >  "mclient" "-lsql" "-ftest" "-Eutf-8" "-i" "-e" "--host=/var/tmp/mtest-5263" "--port=36838"
# 10:49:40 >  

#declare id_event integer;
#set id_event = -1;
#declare id_event2 integer;
#set id_event2 = add_event('event 4', '2009-06-23', NULL, NULL, 'description3');
#declare id_event3 integer;

# 10:49:40 >  
# 10:49:40 >  "Done."
# 10:49:40 >  

