stdout of test 'rapi08` in directory 'monetdb5/extras/rapi` itself:


# 20:20:45 >  
# 20:20:45 >  "mserver5" "--debug=10" "--set" "gdk_nr_threads=0" "--set" "mapi_open=true" "--set" "mapi_port=38117" "--set" "mapi_usock=/var/tmp/mtest-2827/.s.monetdb.38117" "--set" "monet_prompt=" "--forcemito" "--set" "mal_listing=2" "--dbpath=/ufs/manegold/_/Monet/HG/Oct2014/prefix/--disable-debug_--enable-assert_--enable-optimize/var/MonetDB/mTests_monetdb5_extras_rapi" "--set" "mal_listing=2" "--set" "embedded_r=yes"
# 20:20:45 >  

# MonetDB 5 server v11.19.0
# This is an unreleased version
# Serving database 'mTests_monetdb5_extras_rapi', using 8 threads
# Compiled for x86_64-unknown-linux-gnu/64bit with 64bit OIDs dynamically linked
# Found 15.591 GiB available main-memory.
# Copyright (c) 1993-July 2008 CWI.
# Copyright (c) August 2008-2015 MonetDB B.V., all rights reserved
# Visit http://www.monetdb.org/ for further information
# Listening for connection requests on mapi:monetdb://rome.ins.cwi.nl:38117/
# Listening for UNIX domain connection requests on mapi:monetdb:///var/tmp/mtest-2827/.s.monetdb.38117
# MonetDB/GIS module loaded
# MonetDB/SQL module loaded
# MonetDB/R   module loaded


# 13:27:36 >  
# 13:27:36 >  "mclient" "-lmal" "-ftest" "-Eutf-8" "-i" "-e" "--host=/var/tmp/mtest-9249" "--port=37225"
# 13:27:36 >  

#io.print(X_9);
#--------------------------#
# h	t  # name
# void	oid  # type
#--------------------------#
[ 0@0,	0@0	]
[ 1@0,	0@0	]
[ 2@0,	1@0	]
[ 3@0,	1@0	]
#io.print(X_16);
#--------------------------#
# h	t  # name
# void	dbl  # type
#--------------------------#
[ 0@0,	63	]
[ 1@0,	31	]

# 13:27:36 >  
# 13:27:36 >  "Done."
# 13:27:36 >  

